grpck: invalid option -- 'h'
Usage: grpck [-r] [-s] [group [gshadow]]
