cppw: missing file argument, -h for usage
cppw: (null) is unchanged
