chsh: invalid option -- 'Z'
Usage: chsh [options] [LOGIN]

Options:
  -h, --help                    display this help message and exit
  -s, --shell SHELL             new login shell for the user account

