cppw: missing file argument, -h for usage
cppw: /etc/passwd is unchanged
