newusers: invalid option -- 'Z'
Usage: newusers [options]

Options:
  -h, --help                    display this help message and exit
  -r, --system                  create system accounts

